Component: ARM Compiler 5.06 update 5 (build 528) Tool: armlink [4d35e2]

==============================================================================

Section Cross References

    exercise08.o(MyCode) refers to start.o(Start) for Startup
    exercise08.o(MyCode) refers to exercise08.o(MyConst) for EnterHex
    exercise08.o(MyCode) refers to exercise08.o(MyData) for Hex1
    exercise08.o(RESET) refers to start.o(.ARM.__at_0x1FFFE000) for __initial_sp
    exercise08.o(RESET) refers to exercise08.o(MyCode) for Reset_Handler
    exercise08.o(RESET) refers to start.o(Start) for Dummy_Handler


==============================================================================

Image Symbol Table

    Local Symbols

    Symbol Name                              Value     Ov Type        Size  Object(Section)

    RESET                                    0x00000000   Section      192  exercise08.o(RESET)
    Exercise08.s                             0x00000000   Number         0  exercise08.o ABSOLUTE
    MKL46Z4.s                                0x00000000   Number         0  mkl46z4.o ABSOLUTE
    Start.s                                  0x00000000   Number         0  start.o ABSOLUTE
    .ARM.__at_0xC0                           0x000000c0   Section       64  start.o(.ARM.__at_0xC0)
    MyCode                                   0x00000100   Section      760  exercise08.o(MyCode)
    Init_UART0_Polling                       0x0000016b   Thumb Code   108  exercise08.o(MyCode)
    GetChar                                  0x000001d7   Thumb Code    18  exercise08.o(MyCode)
    PutChar                                  0x000001e9   Thumb Code    18  exercise08.o(MyCode)
    GetStringSB                              0x000001fb   Thumb Code    52  exercise08.o(MyCode)
    PutStringSB                              0x0000022f   Thumb Code    36  exercise08.o(MyCode)
    NewLine                                  0x00000253   Thumb Code    18  exercise08.o(MyCode)
    PutNumHex                                0x00000265   Thumb Code    40  exercise08.o(MyCode)
    AddIntMulti                              0x0000028d   Thumb Code   100  exercise08.o(MyCode)
    GetHexIntMulti                           0x000002f1   Thumb Code   100  exercise08.o(MyCode)
    PutHexIntMulti                           0x00000355   Thumb Code    56  exercise08.o(MyCode)
    .ARM.__at_0x400                          0x00000400   Section       16  start.o(.ARM.__at_0x400)
    Start                                    0x00000410   Section      252  start.o(Start)
    SystemInit                               0x0000041f   Thumb Code    54  start.o(Start)
    SetClock48MHz                            0x00000455   Thumb Code   140  start.o(Start)
    MyConst                                  0x0000050c   Section      156  exercise08.o(MyConst)
    EnterHex                                 0x0000050c   Data          36  exercise08.o(MyConst)
    EnterHex2                                0x00000530   Data          36  exercise08.o(MyConst)
    Invalid                                  0x00000554   Data          36  exercise08.o(MyConst)
    SumS                                     0x00000578   Data          36  exercise08.o(MyConst)
    Overflow                                 0x0000059c   Data           9  exercise08.o(MyConst)
    .ARM.__at_0x1FFFE000                     0x1fffe000   Section      256  start.o(.ARM.__at_0x1FFFE000)
    MyData                                   0x1fffe100   Section      272  exercise08.o(MyData)
    String                                   0x1fffe100   Data          79  exercise08.o(MyData)
    Hex1                                     0x1fffe14f   Data          64  exercise08.o(MyData)
    Hex2                                     0x1fffe190   Data          64  exercise08.o(MyData)
    SUM                                      0x1fffe1d0   Data          64  exercise08.o(MyData)

    Global Symbols

    Symbol Name                              Value     Ov Type        Size  Object(Section)

    BuildAttributes$$THM_ISAv3M$S$PE$A:L22$X:L11$S22$IEEE1$IW$USESV6$~STKCKD$USESV7$~SHL$OSPACE$EBA8$STANDARDLIB$EABIv2 0x00000000   Number         0  anon$$obj.o ABSOLUTE
    __Vectors                                0x00000000   Data           0  exercise08.o(RESET)
    __Vectors_End                            0x000000c0   Data           0  exercise08.o(RESET)
    __Vectors_Size                           0x000000c0   Number         0  exercise08.o ABSOLUTE
    Reset_Handler                            0x00000101   Thumb Code   106  exercise08.o(MyCode)
    Startup                                  0x00000411   Thumb Code    14  start.o(Start)
    Dummy_Handler                            0x000004e1   Thumb Code     2  start.o(Start)
    HardFault_Handler                        0x000004e1   Thumb Code     0  start.o(Start)
    __initial_sp                             0x1fffe100   Data           0  start.o(.ARM.__at_0x1FFFE000)



==============================================================================

Memory Map of the image

  Image Entry point : 0x00000101

  Load Region LR_IROM1 (Base: 0x00000000, Size: 0x000007b8, Max: 0x00040000, ABSOLUTE)

    Execution Region ER_IROM1 (Exec base: 0x00000000, Load base: 0x00000000, Size: 0x000005a8, Max: 0x00040000, ABSOLUTE)

    Exec Addr    Load Addr    Size         Type   Attr      Idx    E Section Name        Object

    0x00000000   0x00000000   0x000000c0   Data   RO            2    RESET               exercise08.o
    0x000000c0   0x000000c0   0x00000040   Data   RO           11    .ARM.__at_0xC0      start.o
    0x00000100   0x00000100   0x000002f8   Code   RO            1  * MyCode              exercise08.o
    0x000003f8   0x000003f8   0x00000008   PAD
    0x00000400   0x00000400   0x00000010   Code   RO           12    .ARM.__at_0x400     start.o
    0x00000410   0x00000410   0x000000fc   Code   RO           10    Start               start.o
    0x0000050c   0x0000050c   0x0000009c   Data   RO            3    MyConst             exercise08.o


    Execution Region RW_IRAM1 (Exec base: 0x1fffe000, Load base: 0x000005a8, Size: 0x00000210, Max: 0x00008000, ABSOLUTE)

    Exec Addr    Load Addr    Size         Type   Attr      Idx    E Section Name        Object

    0x1fffe000   0x000005a8   0x00000100   Data   RW           13    .ARM.__at_0x1FFFE000  start.o
    0x1fffe100   0x000006a8   0x00000110   Data   RW            4    MyData              exercise08.o


==============================================================================

Image component sizes


      Code (inc. data)   RO Data    RW Data    ZI Data      Debug   Object Name

       760        108        348        272          0       1092   exercise08.o
       268         58         64        256          0        724   start.o

    ----------------------------------------------------------------------
      1036        174        412        528          0       1816   Object Totals
         0          0          0          0          0          0   (incl. Generated)
         8          8          0          0          0          0   (incl. Padding)

    ----------------------------------------------------------------------
         0          0          0          0          0          0   Library Totals
         0          0          0          0          0          0   (incl. Padding)

    ----------------------------------------------------------------------

==============================================================================


      Code (inc. data)   RO Data    RW Data    ZI Data      Debug   

      1036        174        412        528          0       1712   Grand Totals
      1036        174        412        528          0       1712   ELF Image Totals
      1036        174        412        528          0          0   ROM Totals

==============================================================================

    Total RO  Size (Code + RO Data)                 1448 (   1.41kB)
    Total RW  Size (RW Data + ZI Data)               528 (   0.52kB)
    Total ROM Size (Code + RO Data + RW Data)       1976 (   1.93kB)

==============================================================================

