Component: ARM Compiler 5.06 update 5 (build 528) Tool: armlink [4d35e2]

==============================================================================

Section Cross References

    exercise10.o(MyCode) refers to start.o(Start) for Startup
    exercise10.o(MyCode) refers to exercise10.o(MyConst) for INSTRUCT
    exercise10.o(MyCode) refers to exercise10.o(MyData) for RxBuffer
    exercise10.o(RESET) refers to start.o(.ARM.__at_0x1FFFE000) for __initial_sp
    exercise10.o(RESET) refers to exercise10.o(MyCode) for Reset_Handler
    exercise10.o(RESET) refers to start.o(Start) for Dummy_Handler


==============================================================================

Image Symbol Table

    Local Symbols

    Symbol Name                              Value     Ov Type        Size  Object(Section)

    RESET                                    0x00000000   Section      192  exercise10.o(RESET)
    Exercise10.s                             0x00000000   Number         0  exercise10.o ABSOLUTE
    MKL46Z4.s                                0x00000000   Number         0  mkl46z4.o ABSOLUTE
    Start.s                                  0x00000000   Number         0  start.o ABSOLUTE
    .ARM.__at_0xC0                           0x000000c0   Section       64  start.o(.ARM.__at_0xC0)
    Start                                    0x00000100   Section      252  start.o(Start)
    SystemInit                               0x0000010f   Thumb Code    54  start.o(Start)
    SetClock48MHz                            0x00000145   Thumb Code   140  start.o(Start)
    MyConst                                  0x000001fc   Section       88  exercise10.o(MyConst)
    INSTRUCT                                 0x000001fc   Data          23  exercise10.o(MyConst)
    DENY                                     0x00000214   Data          16  exercise10.o(MyConst)
    GRANT                                    0x00000224   Data          17  exercise10.o(MyConst)
    COMPLETE                                 0x00000235   Data          19  exercise10.o(MyConst)
    OPEN                                     0x00000248   Data          11  exercise10.o(MyConst)
    .ARM.__at_0x400                          0x00000400   Section       16  start.o(.ARM.__at_0x400)
    MyCode                                   0x00000410   Section      812  exercise10.o(MyCode)
    Init_UART0_IRQ                           0x0000045d   Thumb Code   154  exercise10.o(MyCode)
    InitQueue                                0x000004f7   Thumb Code    26  exercise10.o(MyCode)
    UART0_ISR                                0x00000511   Thumb Code    58  exercise10.o(MyCode)
    Dequeue                                  0x0000054b   Thumb Code    62  exercise10.o(MyCode)
    Enqueue                                  0x00000589   Thumb Code    64  exercise10.o(MyCode)
    GetChar                                  0x000005d9   Thumb Code    16  exercise10.o(MyCode)
    PutChar                                  0x000005e9   Thumb Code    22  exercise10.o(MyCode)
    GetString                                0x00000609   Thumb Code    68  exercise10.o(MyCode)
    PutString                                0x0000064d   Thumb Code    26  exercise10.o(MyCode)
    PutNumU                                  0x00000667   Thumb Code    42  exercise10.o(MyCode)
    DIVU                                     0x00000691   Thumb Code    66  exercise10.o(MyCode)
    .ARM.__at_0x1FFFE000                     0x1fffe000   Section      256  start.o(.ARM.__at_0x1FFFE000)
    MyData                                   0x1fffe100   Section      400  exercise10.o(MyData)
    RxBuffer                                 0x1fffe100   Data          80  exercise10.o(MyData)
    RxRecord                                 0x1fffe150   Data          18  exercise10.o(MyData)
    TxBuffer                                 0x1fffe164   Data          80  exercise10.o(MyData)
    TxRecord                                 0x1fffe1b4   Data          18  exercise10.o(MyData)

    Global Symbols

    Symbol Name                              Value     Ov Type        Size  Object(Section)

    BuildAttributes$$THM_ISAv3M$S$PE$A:L22$X:L11$S22$IEEE1$IW$USESV6$~STKCKD$USESV7$~SHL$OSPACE$EBA8$STANDARDLIB$EABIv2 0x00000000   Number         0  anon$$obj.o ABSOLUTE
    __Vectors                                0x00000000   Data           0  exercise10.o(RESET)
    __Vectors_End                            0x000000c0   Data           0  exercise10.o(RESET)
    __Vectors_Size                           0x000000c0   Number         0  exercise10.o ABSOLUTE
    Startup                                  0x00000101   Thumb Code    14  start.o(Start)
    Dummy_Handler                            0x000001d1   Thumb Code     2  start.o(Start)
    HardFault_Handler                        0x000001d1   Thumb Code     0  start.o(Start)
    Reset_Handler                            0x00000411   Thumb Code    56  exercise10.o(MyCode)
    __initial_sp                             0x1fffe100   Data           0  start.o(.ARM.__at_0x1FFFE000)



==============================================================================

Memory Map of the image

  Image Entry point : 0x00000411

  Load Region LR_IROM1 (Base: 0x00000000, Size: 0x000009cc, Max: 0x00040000, ABSOLUTE)

    Execution Region ER_IROM1 (Exec base: 0x00000000, Load base: 0x00000000, Size: 0x0000073c, Max: 0x00040000, ABSOLUTE)

    Exec Addr    Load Addr    Size         Type   Attr      Idx    E Section Name        Object

    0x00000000   0x00000000   0x000000c0   Data   RO            2    RESET               exercise10.o
    0x000000c0   0x000000c0   0x00000040   Data   RO           11    .ARM.__at_0xC0      start.o
    0x00000100   0x00000100   0x000000fc   Code   RO           10    Start               start.o
    0x000001fc   0x000001fc   0x00000058   Data   RO            3    MyConst             exercise10.o
    0x00000254   0x00000254   0x000001ac   PAD
    0x00000400   0x00000400   0x00000010   Code   RO           12    .ARM.__at_0x400     start.o
    0x00000410   0x00000410   0x0000032c   Code   RO            1  * MyCode              exercise10.o


    Execution Region RW_IRAM1 (Exec base: 0x1fffe000, Load base: 0x0000073c, Size: 0x00000290, Max: 0x00008000, ABSOLUTE)

    Exec Addr    Load Addr    Size         Type   Attr      Idx    E Section Name        Object

    0x1fffe000   0x0000073c   0x00000100   Data   RW           13    .ARM.__at_0x1FFFE000  start.o
    0x1fffe100   0x0000083c   0x00000190   Data   RW            4    MyData              exercise10.o


==============================================================================

Image component sizes


      Code (inc. data)   RO Data    RW Data    ZI Data      Debug   Object Name

       812        126        280        400          0       1304   exercise10.o
       268         58         64        256          0        724   start.o

    ----------------------------------------------------------------------
      1080        184        772        656          0       2028   Object Totals
         0          0          0          0          0          0   (incl. Generated)
         0          0        428          0          0          0   (incl. Padding)

    ----------------------------------------------------------------------
         0          0          0          0          0          0   Library Totals
         0          0          0          0          0          0   (incl. Padding)

    ----------------------------------------------------------------------

==============================================================================


      Code (inc. data)   RO Data    RW Data    ZI Data      Debug   

      1080        184        772        656          0       1924   Grand Totals
      1080        184        772        656          0       1924   ELF Image Totals
      1080        184        772        656          0          0   ROM Totals

==============================================================================

    Total RO  Size (Code + RO Data)                 1852 (   1.81kB)
    Total RW  Size (RW Data + ZI Data)               656 (   0.64kB)
    Total ROM Size (Code + RO Data + RW Data)       2508 (   2.45kB)

==============================================================================

