<html>
<body>
<pre>
<h1>µVision Build Log</h1>
<h2>Tool Versions:</h2>
IDE-Version: µVision V5.24.2.0
Copyright (C) 2017 ARM Ltd and ARM Germany GmbH. All rights reserved.
License Information: Rick Tolleson Rochester Institute of Technology Flex license: MDK-ARM Professional: 100 user(s) (mdk_pro) Operation stops: 22 Jul 2019
 
Tool Versions:
Toolchain:       MDK-ARM Professional: 100 user(s)  Version: 5.24.1
Toolchain Path:  C:\Keil_v5\ARM\ARMCC\Bin
C Compiler:      Armcc.exe V5.06 update 5 (build 528)
Assembler:       Armasm.exe V5.06 update 5 (build 528)
Linker/Locator:  ArmLink.exe V5.06 update 5 (build 528)
Library Manager: ArmAr.exe V5.06 update 5 (build 528)
Hex Converter:   FromElf.exe V5.06 update 5 (build 528)
CPU DLL:         SARMCM3.DLL V5.24.1
Dialog DLL:      DARMCM1.DLL V1.18.0.0
Target DLL:      CMSIS_AGDI.dll V1.28.3.0
Dialog DLL:      TARMCM1.DLL V1.13.0.0
 
<h2>Project:</h2>
D:\Assembly\Exercise08\Exercise08.uvprojx
Project File Date:  10/30/2018

<h2>Output:</h2>
*** Using Compiler 'V5.06 update 5 (build 528)', folder: 'C:\Keil_v5\ARM\ARMCC\Bin'
Build target 'Target 1'
assembling Exercise08.s...
linking...
.\Objects\Exercise08.sct(8): warning: L6314W: No section matches pattern *(InRoot$$Sections).
Program Size: Code=1036 RO-data=412 RW-data=528 ZI-data=0  
Finished: 0 information, 1 warning and 0 error messages.
".\Objects\Exercise08.axf" - 0 Error(s), 1 Warning(s).

<h2>Software Packages used:</h2>

Package Vendor: Keil
                http://www.keil.com/pack/Keil.Kinetis_KLxx_DFP.1.14.0.pack
                Keil.Kinetis_KLxx_DFP.1.14.0
                NXP Kinetis KLxx Series Device Support and Examples

<h2>Collection of Component include folders:</h2>
  .\RTE\_Target_1
  C:\Keil_v5\ARM\PACK\Keil\Kinetis_KLxx_DFP\1.14.0\Device\Include

<h2>Collection of Component Files used:</h2>
Build Time Elapsed:  00:00:03
</pre>
</body>
</html>
