Component: ARM Compiler 5.06 update 5 (build 528) Tool: armlink [4d35e2]

==============================================================================

Section Cross References

    exercise05.o(MyCode) refers to start.o(Start) for Startup
    exercise05.o(RESET) refers to start.o(.ARM.__at_0x1FFFE000) for __initial_sp
    exercise05.o(RESET) refers to exercise05.o(MyCode) for Reset_Handler
    exercise05.o(RESET) refers to start.o(Start) for Dummy_Handler


==============================================================================

Removing Unused input sections from the image.

    Removing exercise05.o(MyConst), (0 bytes).
    Removing exercise05.o(MyData), (0 bytes).

2 unused section(s) (total 0 bytes) removed from the image.

==============================================================================

Image Symbol Table

    Local Symbols

    Symbol Name                              Value     Ov Type        Size  Object(Section)

    RESET                                    0x00000000   Section      192  exercise05.o(RESET)
    Exercise05.s                             0x00000000   Number         0  exercise05.o ABSOLUTE
    MKL46Z4.asm                              0x00000000   Number         0  mkl46z4.o ABSOLUTE
    Start.asm                                0x00000000   Number         0  start.o ABSOLUTE
    .ARM.__at_0xC0                           0x000000c0   Section       64  start.o(.ARM.__at_0xC0)
    MyCode                                   0x00000100   Section      220  exercise05.o(MyCode)
    INIT                                     0x00000119   Thumb Code   108  exercise05.o(MyCode)
    PUTCHAR                                  0x00000185   Thumb Code    18  exercise05.o(MyCode)
    GETCHAR                                  0x00000197   Thumb Code    18  exercise05.o(MyCode)
    Start                                    0x000001dc   Section      252  start.o(Start)
    SystemInit                               0x000001eb   Thumb Code    54  start.o(Start)
    SetClock48MHz                            0x00000221   Thumb Code   140  start.o(Start)
    .ARM.__at_0x400                          0x00000400   Section       16  start.o(.ARM.__at_0x400)
    .ARM.__at_0x1FFFE000                     0x1fffe000   Section      256  start.o(.ARM.__at_0x1FFFE000)

    Global Symbols

    Symbol Name                              Value     Ov Type        Size  Object(Section)

    BuildAttributes$$THM_ISAv3M$S$PE$A:L22$X:L11$S22$IEEE1$IW$USESV6$~STKCKD$USESV7$~SHL$OSPACE$EBA8$STANDARDLIB$EABIv2 0x00000000   Number         0  anon$$obj.o ABSOLUTE
    __Vectors                                0x00000000   Data           0  exercise05.o(RESET)
    __Vectors_End                            0x000000c0   Data           0  exercise05.o(RESET)
    __Vectors_Size                           0x000000c0   Number         0  exercise05.o ABSOLUTE
    Reset_Handler                            0x00000101   Thumb Code    24  exercise05.o(MyCode)
    Startup                                  0x000001dd   Thumb Code    14  start.o(Start)
    Dummy_Handler                            0x000002ad   Thumb Code     2  start.o(Start)
    HardFault_Handler                        0x000002ad   Thumb Code     0  start.o(Start)
    __initial_sp                             0x1fffe100   Data           0  start.o(.ARM.__at_0x1FFFE000)



==============================================================================

Memory Map of the image

  Image Entry point : 0x00000101

  Load Region LR_1 (Base: 0x00000000, Size: 0x00000510, Max: 0xffffffff, ABSOLUTE)

    Execution Region ER_RO (Exec base: 0x00000000, Load base: 0x00000000, Size: 0x00000410, Max: 0xffffffff, ABSOLUTE)

    Exec Addr    Load Addr    Size         Type   Attr      Idx    E Section Name        Object

    0x00000000   0x00000000   0x000000c0   Data   RO            2    RESET               exercise05.o
    0x000000c0   0x000000c0   0x00000040   Data   RO           11    .ARM.__at_0xC0      start.o
    0x00000100   0x00000100   0x000000dc   Code   RO            1  * MyCode              exercise05.o
    0x000001dc   0x000001dc   0x000000fc   Code   RO           10    Start               start.o
    0x000002d8   0x000002d8   0x00000128   PAD
    0x00000400   0x00000400   0x00000010   Code   RO           12    .ARM.__at_0x400     start.o


    Execution Region ER_RW (Exec base: 0x1fffe000, Load base: 0x00000410, Size: 0x00000100, Max: 0xffffffff, ABSOLUTE)

    Exec Addr    Load Addr    Size         Type   Attr      Idx    E Section Name        Object

    0x1fffe000   0x00000410   0x00000100   Data   RW           13    .ARM.__at_0x1FFFE000  start.o


    Execution Region ER_ZI (Exec base: 0x1fffe100, Load base: 0x00000510, Size: 0x00000000, Max: 0xffffffff, ABSOLUTE)

    **** No section assigned to this execution region ****


==============================================================================

Image component sizes


      Code (inc. data)   RO Data    RW Data    ZI Data      Debug   Object Name

       220         52        192          0          0        600   exercise05.o
       268         58         64        256          0        728   start.o

    ----------------------------------------------------------------------
       784        406        256        256          0       1328   Object Totals
         0          0          0          0          0          0   (incl. Generated)
       296        296          0          0          0          0   (incl. Padding)

    ----------------------------------------------------------------------
         0          0          0          0          0          0   Library Totals
         0          0          0          0          0          0   (incl. Padding)

    ----------------------------------------------------------------------

==============================================================================


      Code (inc. data)   RO Data    RW Data    ZI Data      Debug   

       784        406        256        256          0       1224   Grand Totals
       784        406        256        256          0       1224   ELF Image Totals
       784        406        256        256          0          0   ROM Totals

==============================================================================

    Total RO  Size (Code + RO Data)                 1040 (   1.02kB)
    Total RW  Size (RW Data + ZI Data)               256 (   0.25kB)
    Total ROM Size (Code + RO Data + RW Data)       1296 (   1.27kB)

==============================================================================

