Component: ARM Compiler 5.06 update 5 (build 528) Tool: armlink [4d35e2]

==============================================================================

Section Cross References

    exercise09.o(MyCode) refers to start.o(Start) for Startup
    exercise09.o(MyCode) refers to exercise09.o(MyConst) for INSTRUCT
    exercise09.o(MyCode) refers to exercise09.o(MyData) for QRecord
    exercise09.o(RESET) refers to start.o(.ARM.__at_0x1FFFE000) for __initial_sp
    exercise09.o(RESET) refers to exercise09.o(MyCode) for Reset_Handler
    exercise09.o(RESET) refers to start.o(Start) for Dummy_Handler


==============================================================================

Image Symbol Table

    Local Symbols

    Symbol Name                              Value     Ov Type        Size  Object(Section)

    RESET                                    0x00000000   Section      192  exercise09.o(RESET)
    Exercise09.s                             0x00000000   Number         0  exercise09.o ABSOLUTE
    MKL46Z4.s                                0x00000000   Number         0  mkl46z4.o ABSOLUTE
    Start.s                                  0x00000000   Number         0  start.o ABSOLUTE
    .ARM.__at_0xC0                           0x000000c0   Section       64  start.o(.ARM.__at_0xC0)
    Start                                    0x00000100   Section      252  start.o(Start)
    SystemInit                               0x0000010f   Thumb Code    54  start.o(Start)
    SetClock48MHz                            0x00000145   Thumb Code   140  start.o(Start)
    MyConst                                  0x000001fc   Section      176  exercise09.o(MyConst)
    INSTRUCT                                 0x000001fc   Data          34  exercise09.o(MyConst)
    HELP                                     0x00000227   Data          58  exercise09.o(MyConst)
    FAILURE                                  0x00000261   Data          10  exercise09.o(MyConst)
    SUCCESS                                  0x0000026b   Data          10  exercise09.o(MyConst)
    CHAR_TO_ENQ                              0x00000275   Data          23  exercise09.o(MyConst)
    STAT                                     0x0000028c   Data           9  exercise09.o(MyConst)
    IN                                       0x00000295   Data           6  exercise09.o(MyConst)
    OUT                                      0x0000029b   Data           9  exercise09.o(MyConst)
    NUM                                      0x000002a4   Data           7  exercise09.o(MyConst)
    .ARM.__at_0x400                          0x00000400   Section       16  start.o(.ARM.__at_0x400)
    MyCode                                   0x00000410   Section     1068  exercise09.o(MyCode)
    Init_UART0_IRQ                           0x00000531   Thumb Code   124  exercise09.o(MyCode)
    InitQueue                                0x000005ad   Thumb Code    22  exercise09.o(MyCode)
    Dequeue                                  0x000005c3   Thumb Code    62  exercise09.o(MyCode)
    Enqueue                                  0x00000601   Thumb Code    64  exercise09.o(MyCode)
    NewLine                                  0x00000671   Thumb Code    16  exercise09.o(MyCode)
    GetChar                                  0x00000681   Thumb Code    16  exercise09.o(MyCode)
    PutChar                                  0x00000691   Thumb Code    22  exercise09.o(MyCode)
    PutString                                0x000006eb   Thumb Code    30  exercise09.o(MyCode)
    PutNumU                                  0x00000709   Thumb Code    42  exercise09.o(MyCode)
    DIVU                                     0x00000733   Thumb Code    66  exercise09.o(MyCode)
    ISR                                      0x00000775   Thumb Code    58  exercise09.o(MyCode)
    .ARM.__at_0x1FFFE000                     0x1fffe000   Section      256  start.o(.ARM.__at_0x1FFFE000)
    MyData                                   0x1fffe100   Section      376  exercise09.o(MyData)
    RxBuffer                                 0x1fffe100   Data          80  exercise09.o(MyData)
    TxBuffer                                 0x1fffe150   Data          80  exercise09.o(MyData)
    RxQueue                                  0x1fffe1a0   Data          18  exercise09.o(MyData)
    TxQueue                                  0x1fffe1b2   Data          18  exercise09.o(MyData)
    QBuffer                                  0x1fffe1c4   Data          80  exercise09.o(MyData)
    QRecord                                  0x1fffe214   Data          18  exercise09.o(MyData)

    Global Symbols

    Symbol Name                              Value     Ov Type        Size  Object(Section)

    BuildAttributes$$THM_ISAv3M$S$PE$A:L22$X:L11$S22$IEEE1$IW$USESV6$~STKCKD$USESV7$~SHL$OSPACE$EBA8$STANDARDLIB$EABIv2 0x00000000   Number         0  anon$$obj.o ABSOLUTE
    __Vectors                                0x00000000   Data           0  exercise09.o(RESET)
    __Vectors_End                            0x000000c0   Data           0  exercise09.o(RESET)
    __Vectors_Size                           0x000000c0   Number         0  exercise09.o ABSOLUTE
    Startup                                  0x00000101   Thumb Code    14  start.o(Start)
    Dummy_Handler                            0x000001d1   Thumb Code     2  start.o(Start)
    HardFault_Handler                        0x000001d1   Thumb Code     0  start.o(Start)
    Reset_Handler                            0x00000411   Thumb Code   288  exercise09.o(MyCode)
    __initial_sp                             0x1fffe100   Data           0  start.o(.ARM.__at_0x1FFFE000)



==============================================================================

Memory Map of the image

  Image Entry point : 0x00000411

  Load Region LR_IROM1 (Base: 0x00000000, Size: 0x00000ab4, Max: 0x00040000, ABSOLUTE)

    Execution Region ER_IROM1 (Exec base: 0x00000000, Load base: 0x00000000, Size: 0x0000083c, Max: 0x00040000, ABSOLUTE)

    Exec Addr    Load Addr    Size         Type   Attr      Idx    E Section Name        Object

    0x00000000   0x00000000   0x000000c0   Data   RO            2    RESET               exercise09.o
    0x000000c0   0x000000c0   0x00000040   Data   RO           11    .ARM.__at_0xC0      start.o
    0x00000100   0x00000100   0x000000fc   Code   RO           10    Start               start.o
    0x000001fc   0x000001fc   0x000000b0   Data   RO            3    MyConst             exercise09.o
    0x000002ac   0x000002ac   0x00000154   PAD
    0x00000400   0x00000400   0x00000010   Code   RO           12    .ARM.__at_0x400     start.o
    0x00000410   0x00000410   0x0000042c   Code   RO            1  * MyCode              exercise09.o


    Execution Region RW_IRAM1 (Exec base: 0x1fffe000, Load base: 0x0000083c, Size: 0x00000278, Max: 0x00008000, ABSOLUTE)

    Exec Addr    Load Addr    Size         Type   Attr      Idx    E Section Name        Object

    0x1fffe000   0x0000083c   0x00000100   Data   RW           13    .ARM.__at_0x1FFFE000  start.o
    0x1fffe100   0x0000093c   0x00000178   Data   RW            4    MyData              exercise09.o


==============================================================================

Image component sizes


      Code (inc. data)   RO Data    RW Data    ZI Data      Debug   Object Name

      1068        142        368        376          0       1372   exercise09.o
       268         58         64        256          0        724   start.o

    ----------------------------------------------------------------------
      1336        200        772        632          0       2096   Object Totals
         0          0          0          0          0          0   (incl. Generated)
         0          0        340          0          0          0   (incl. Padding)

    ----------------------------------------------------------------------
         0          0          0          0          0          0   Library Totals
         0          0          0          0          0          0   (incl. Padding)

    ----------------------------------------------------------------------

==============================================================================


      Code (inc. data)   RO Data    RW Data    ZI Data      Debug   

      1336        200        772        632          0       1992   Grand Totals
      1336        200        772        632          0       1992   ELF Image Totals
      1336        200        772        632          0          0   ROM Totals

==============================================================================

    Total RO  Size (Code + RO Data)                 2108 (   2.06kB)
    Total RW  Size (RW Data + ZI Data)               632 (   0.62kB)
    Total ROM Size (Code + RO Data + RW Data)       2740 (   2.68kB)

==============================================================================

